// Jest Snapshot v1, https://goo.gl/fbAQLP

exports[`Home component should match the snapshot 1`] = `
<div
  class="mainContainer"
>
  <div>
    <div
      class="headnavbar"
    >
      <button
        class="nav-btn nav-open-btn"
        type="button"
      >
        <svg
          fill="currentColor"
          height="1em"
          stroke="currentColor"
          stroke-width="0"
          viewBox="0 0 448 512"
          width="1em"
          xmlns="http://www.w3.org/2000/svg"
        >
          <path
            d="M16 132h416c8.837 0 16-7.163 16-16V76c0-8.837-7.163-16-16-16H16C7.163 60 0 67.163 0 76v40c0 8.837 7.163 16 16 16zm0 160h416c8.837 0 16-7.163 16-16v-40c0-8.837-7.163-16-16-16H16c-8.837 0-16 7.163-16 16v40c0 8.837 7.163 16 16 16zm0 160h416c8.837 0 16-7.163 16-16v-40c0-8.837-7.163-16-16-16H16c-8.837 0-16 7.163-16 16v40c0 8.837 7.163 16 16 16z"
          />
        </svg>
      </button>
      <nav
        class="navbar"
      >
        <button
          class="nav-btn nav-close-btn"
          type="button"
        >
          <svg
            fill="currentColor"
            height="1em"
            stroke="currentColor"
            stroke-width="0"
            viewBox="0 0 352 512"
            width="1em"
            xmlns="http://www.w3.org/2000/svg"
          >
            <path
              d="M242.72 256l100.07-100.07c12.28-12.28 12.28-32.19 0-44.48l-22.24-22.24c-12.28-12.28-32.19-12.28-44.48 0L176 189.28 75.93 89.21c-12.28-12.28-32.19-12.28-44.48 0L9.21 111.45c-12.28 12.28-12.28 32.19 0 44.48L109.28 256 9.21 356.07c-12.28 12.28-12.28 32.19 0 44.48l22.24 22.24c12.28 12.28 32.2 12.28 44.48 0L176 322.72l100.07 100.07c12.28 12.28 32.2 12.28 44.48 0l22.24-22.24c12.28-12.28 12.28-32.19 0-44.48L242.72 256z"
            />
          </svg>
        </button>
        <img
          alt="Rent It icon"
          class="title"
          src="icon.jpg"
        />
        <ul
          class="navbarlinks"
        >
          <li>
            <a
              class="link"
              href="/home"
            >
              Cars
            </a>
          </li>
          <li>
            <a
              class="link"
              href="/create-reservation"
            >
              Booking
            </a>
          </li>
          <li>
            <a
              class="link"
              href="/reservations"
            >
              Reservations
            </a>
          </li>
          <li
            class="nan"
          >
            <a
              class="link"
              href="/add_car"
            >
              Add A Car
            </a>
          </li>
          <li>
            <a
              class="link"
              href="/car-delete"
            >
              Delete A Car
            </a>
          </li>
        </ul>
        <h3
          class="navbar__footer"
        >
          Â©
           
          2023
        </h3>
      </nav>
    </div>
  </div>
  <div
    class="home-bg"
  >
    <h2
      class="home-header"
    >
      Our Cars
    </h2>
    <h3
      class="home-header two"
    >
      Select your favorite car!
    </h3>
    <div
      class="arrows-cars"
    >
      <button
        class="btn"
        type="button"
      >
        Previous
      </button>
      <div
        class="carItems"
      >
        <div
          class="carousel"
        >
          <div>
            No cars available
          </div>
        </div>
      </div>
      <button
        class="btn next-btn"
        type="button"
      >
        Next
      </button>
    </div>
  </div>
</div>
`;
